Microchip MPLAB XC8 Compiler V2.41

Linker command line:

-W-3 \
  --edf=C:/Program Files/Microchip/MPLABX/v6.10/packs/Microchip/PIC18Fxxxx_DFP/1.4.151/xc8\pic\dat\20230323171731_en.msgs \
  -cn -h+dist/default/production\Door_lock.production.sym \
  --cmf=dist/default/production\Door_lock.production.cmf -z -Q18F4620 \
  -oC:\Users\ACC\AppData\Local\Temp\xcAse6c.\driver_tmp_3.o \
  --defsym=__MPLAB_BUILD=1 --fixupoverflow=error \
  -Mdist/default/production/Door_lock.production.map \
  --md=C:\Users\ACC\AppData\Local\Temp\xcAse6c.\driver_tmp_0.dat -E1 \
  -ver=XC8 Compiler --acfsm=1493 -ACODE=00h-0FFFFh -ACONST=00h-0FFFFh \
  -ASMALLCONST=01000h-010FFhx240 -AMEDIUMCONST=01000h-0FFFFh \
  -ACOMRAM=01h-07Fh -AABS1=00h-0F7Fh -ABIGRAM=01h-0F7Fh \
  -ARAM=080h-0FFh,0100h-01FFhx14,0F00h-0F7Fh -ABANK0=080h-0FFh \
  -ABANK1=0100h-01FFh -ABANK2=0200h-02FFh -ABANK3=0300h-03FFh \
  -ABANK4=0400h-04FFh -ABANK5=0500h-05FFh -ABANK6=0600h-06FFh \
  -ABANK7=0700h-07FFh -ABANK8=0800h-08FFh -ABANK9=0900h-09FFh \
  -ABANK10=0A00h-0AFFh -ABANK11=0B00h-0BFFh -ABANK12=0C00h-0CFFh \
  -ABANK13=0D00h-0DFFh -ABANK14=0E00h-0EFFh -ABANK15=0F00h-0F7Fh \
  -ASFR=0F80h-0FFFh -ABIGSFR=0F80h-0FFFh -ACONFIG=0300000h-030000Dh \
  -AIDLOC=0200000h-0200007h -AEEDATA=0F00000h-0F003FFh -peeprom_data=EEDATA \
  -preset_vec=00h,intcode,intcodelo,powerup,init -pramtop=01000h \
  -psmallconst=SMALLCONST -pmediumconst=MEDIUMCONST -pconst=CONST \
  -AFARRAM=00h-00h \
  -prdata=COMRAM,nvrram=COMRAM,nvbit=COMRAM,rbss=COMRAM,rbit=COMRAM \
  -pfarbss=FARRAM,fardata=FARRAM,nvFARRAM=FARRAM \
  -pintsave_regs=BIGRAM,bigbss=BIGRAM,bigdata=BIGRAM -pbss=RAM \
  -pidata=CODE,irdata=CODE,ibigdata=CODE,ifardata=CODE -prparam=COMRAM \
  C:\Users\ACC\AppData\Local\Temp\xcAse6c.\driver_tmp_9.o \
  dist/default/production\Door_lock.production.o 

Object code version is 3.11

Machine type is 18F4620



                Name                               Link     Load   Length Selector   Space Scale
C:\Users\ACC\AppData\Local\Temp\xcAse6c.\driver_tmp_9.o
                config                           300000   300000        E        0       4
                init                                  0        0        4        0       0
dist/default/production\Door_lock.production.o
                config                           300000   300000        E        0       4
                smallconst                         1000     1000       7A      800       0
                text31                             17A4     17A4      144      83D       0
                text30                             1A1A     1A1A      12C      83D       0
                text29                             2276     2276       6C      83D       0
                text28                             2526     2526       3E      83D       0
                text27                             202C     202C       78      83D       0
                text26                             233C     233C       4E      83D       0
                text25                             2190     2190       76      83D       0
                text24                             211A     211A       76      83D       0
                text23                             18E8     18E8      132      83D       0
                text22                             1FAC     1FAC       80      83D       0
                text21                             24E8     24E8       3E      83D       0
                text20                             2654     2654        6     1301       0
                text19                             262E     262E       26     1301       0
                text18                             2602     2602       2C     1301       0
                text17                             24A2     24A2       46      83D       0
                text16                             1660     1660      144      83D       0
                text15                             245C     245C       46      83D       0
                text14                             2416     2416       46      83D       0
                text13                             23D0     23D0       46      83D       0
                text12                             1DEC     1DEC       B8      83D       0
                text11                             1B46     1B46      10E      83D       0
                text10                             1F28     1F28       84      83D       0
                text9                              1EA4     1EA4       84      83D       0
                text8                              20A4     20A4       76      83D       0
                text7                              1D2A     1D2A       C2      83D       0
                text6                              238A     238A       46      83D       0
                text5                              2206     2206       70      83D       0
                text4                              22E2     22E2       5A      83D       0
                text3                              1C54     1C54       D6      83D       0
                text2                              14EA     14EA      176      83D       0
                text1                              259A     259A       36      83D       0
                text0                              107A     107A      470      83D       0
                cstackCOMRAM                         32       32       2C        1       1
                dataCOMRAM                            1        1       31        1       1
                bssCOMRAM                            5E       5E       1A        1       1
                cinit                              2564     2564       36      83D       0
                nvCOMRAM                             78       78        1        1       1
                idataCOMRAM                        25D0     25D0       31      83D       0

TOTAL           Name                               Link     Load   Length     Space
        CLASS   CODE           
                init                                  0        0        4         0
                text31                             17A4     17A4      144         0
                text30                             1A1A     1A1A      12C         0
                text29                             2276     2276       6C         0
                text28                             2526     2526       3E         0
                text27                             202C     202C       78         0
                text26                             233C     233C       4E         0
                text25                             2190     2190       76         0
                text24                             211A     211A       76         0
                text23                             18E8     18E8      132         0
                text22                             1FAC     1FAC       80         0
                text21                             24E8     24E8       3E         0
                text20                             2654     2654        6         0
                text19                             262E     262E       26         0
                text18                             2602     2602       2C         0
                text17                             24A2     24A2       46         0
                text16                             1660     1660      144         0
                text15                             245C     245C       46         0
                text14                             2416     2416       46         0
                text13                             23D0     23D0       46         0
                text12                             1DEC     1DEC       B8         0
                text11                             1B46     1B46      10E         0
                text10                             1F28     1F28       84         0
                text9                              1EA4     1EA4       84         0
                text8                              20A4     20A4       76         0
                text7                              1D2A     1D2A       C2         0
                text6                              238A     238A       46         0
                text5                              2206     2206       70         0
                text4                              22E2     22E2       5A         0
                text3                              1C54     1C54       D6         0
                text2                              14EA     14EA      176         0
                text1                              259A     259A       36         0
                text0                              107A     107A      470         0
                cinit                              2564     2564       36         0
                idataCOMRAM                        25D0     25D0       31         0

        CLASS   CONST          

        CLASS   SMALLCONST     
                smallconst                         1000     1000       7A         0

        CLASS   MEDIUMCONST    

        CLASS   COMRAM         
                cstackCOMRAM                         32       32       2C         1
                dataCOMRAM                            1        1       31         1
                bssCOMRAM                            5E       5E       1A         1
                nvCOMRAM                             78       78        1         1

        CLASS   ABS1           

        CLASS   BIGRAM         

        CLASS   RAM            

        CLASS   BANK0          

        CLASS   BANK1          

        CLASS   BANK2          

        CLASS   BANK3          

        CLASS   BANK4          

        CLASS   BANK5          

        CLASS   BANK6          

        CLASS   BANK7          

        CLASS   BANK8          

        CLASS   BANK9          

        CLASS   BANK10         

        CLASS   BANK11         

        CLASS   BANK12         

        CLASS   BANK13         

        CLASS   BANK14         

        CLASS   BANK15         

        CLASS   SFR            

        CLASS   BIGSFR         

        CLASS   CONFIG         
                config                           300000   300000        E         4

        CLASS   IDLOC          

        CLASS   EEDATA         

        CLASS   FARRAM         

        CLASS   HEAP           

        CLASS   STACK          



SEGMENTS        Name                           Load    Length   Top    Selector   Space  Class

                reset_vec                      000000  000004  000004         0       0  CODE    
                dataCOMRAM                     000001  000078  000079         1       1  COMRAM  
                smallconst                     001000  00007A  00107A       800       0  SMALLCON
                text0                          00107A  001587  002601       83D       0  CODE    
                text18                         002602  000058  00265A      1301       0  CODE    


UNUSED ADDRESS RANGES

        Name                Unused          Largest block    Delta
        BANK0            000080-0000FF               80
        BANK1            000100-0001FF              100
        BANK10           000A00-000AFF              100
        BANK11           000B00-000BFF              100
        BANK12           000C00-000CFF              100
        BANK13           000D00-000DFF              100
        BANK14           000E00-000EFF              100
        BANK15           000F00-000F7F               80
        BANK2            000200-0002FF              100
        BANK3            000300-0003FF              100
        BANK4            000400-0004FF              100
        BANK5            000500-0005FF              100
        BANK6            000600-0006FF              100
        BANK7            000700-0007FF              100
        BANK8            000800-0008FF              100
        BANK9            000900-0009FF              100
        BIGRAM           000079-000F7F              F07
        BIGSFR           000F80-000FFF               80
        CODE             000004-000FFF              FFC
                         002601-002601                1
                         00265A-00FFFF             D9A6
        COMRAM           000079-00007F                7
        CONST            000004-000FFF              FFC
                         002601-002601                1
                         00265A-00FFFF             D9A6
        EEDATA           F00000-F003FF              400
        IDLOC            200000-200007                8
        MEDIUMCONST      002601-002601                1
                         00265A-00FFFF             D9A6
        RAM              000080-000F7F              100
        SFR              000F80-000FFF               80
        SMALLCONST       002601-002601                1
                         00265A-00FFFF              100

                                  Symbol Table

?___wmul                               cstackCOMRAM 000032
?_atoi                                 cstackCOMRAM 000038
?_isdigit                              cstackCOMRAM 000032
?_isspace                              cstackCOMRAM 000032
?_strlen                               cstackCOMRAM 000032
_LATA                                  (abs)        000F89
_LATB                                  (abs)        000F8A
_LATC                                  (abs)        000F8B
_LATD                                  (abs)        000F8C
_LATE                                  (abs)        000F8D
_PORTA                                 (abs)        000F80
_PORTB                                 (abs)        000F81
_PORTC                                 (abs)        000F82
_PORTD                                 (abs)        000F83
_PORTE                                 (abs)        000F84
_TRISA                                 (abs)        000F92
_TRISB                                 (abs)        000F93
_TRISC                                 (abs)        000F94
_TRISD                                 (abs)        000F95
_TRISE                                 (abs)        000F96
__HRAM                                 (abs)        000000
__H__absolute__                        __absolute__ 000000
__Habs1                                abs1         000000
__Hbank0                               bank0        000000
__Hbank1                               bank1        000000
__Hbank10                              bank10       000000
__Hbank11                              bank11       000000
__Hbank12                              bank12       000000
__Hbank13                              bank13       000000
__Hbank14                              bank14       000000
__Hbank15                              bank15       000000
__Hbank2                               bank2        000000
__Hbank3                               bank3        000000
__Hbank4                               bank4        000000
__Hbank5                               bank5        000000
__Hbank6                               bank6        000000
__Hbank7                               bank7        000000
__Hbank8                               bank8        000000
__Hbank9                               bank9        000000
__Hbigbss                              bigbss       000000
__Hbigdata                             bigdata      000000
__Hbigram                              bigram       000000
__Hbigsfr                              bigsfr       000000
__Hbss                                 bss          000000
__HbssCOMRAM                           bssCOMRAM    000000
__Hcinit                               cinit        000000
__Hclrtext                             clrtext      000000
__Hcomram                              comram       000000
__Hconfig                              config       30000E
__Hconst                               const        000000
__HcstackCOMRAM                        cstackCOMRAM 000000
__Hdata                                data         000000
__HdataCOMRAM                          dataCOMRAM   000000
__Heeprom_data                         eeprom_data  000000
__Hfarbss                              farbss       000000
__Hfardata                             fardata      000000
__Hheap                                heap         000000
__Hibigdata                            ibigdata     000000
__Hidata                               idata        000000
__HidataCOMRAM                         idataCOMRAM  000000
__Hidloc                               idloc        000000
__Hifardata                            ifardata     000000
__Hinit                                init         000004
__Hintcode                             intcode      000000
__Hintcode_body                        intcode_body 000000
__Hintcodelo                           intcodelo    000000
__Hintentry                            intentry     000000
__Hintret                              intret       000000
__Hintsave_regs                        intsave_regs 000000
__Hirdata                              irdata       000000
__Hmediumconst                         mediumconst  000000
__HnvCOMRAM                            nvCOMRAM     000000
__HnvFARRAM                            nvFARRAM     000000
__Hnvbit                               nvbit        000000
__Hnvrram                              nvrram       000000
__Hparam                               rparam       000000
__Hpowerup                             powerup      000000
__Hram                                 ram          000000
__Hramtop                              ramtop       001000
__Hrbit                                rbit         000000
__Hrbss                                rbss         000000
__Hrdata                               rdata        000000
__Hreset_vec                           reset_vec    000000
__Hrparam                              rparam       000000
__Hsfr                                 sfr          000000
__Hsmallconst                          smallconst   00107A
__Hspace_0                             (abs)        00265A
__Hspace_1                             (abs)        000079
__Hspace_2                             (abs)        000000
__Hspace_4                             (abs)        60000E
__Hstack                               stack        000000
__Hstruct                              struct       000000
__Htemp                                temp         000000
__Htext                                text         000000
__Htext0                               text0        000000
__Htext1                               text1        000000
__Htext10                              text10       000000
__Htext11                              text11       000000
__Htext12                              text12       000000
__Htext13                              text13       000000
__Htext14                              text14       000000
__Htext15                              text15       000000
__Htext16                              text16       000000
__Htext17                              text17       000000
__Htext18                              text18       000000
__Htext19                              text19       000000
__Htext2                               text2        000000
__Htext20                              text20       000000
__Htext21                              text21       000000
__Htext22                              text22       000000
__Htext23                              text23       000000
__Htext24                              text24       000000
__Htext25                              text25       000000
__Htext26                              text26       000000
__Htext27                              text27       000000
__Htext28                              text28       000000
__Htext29                              text29       000000
__Htext3                               text3        000000
__Htext30                              text30       000000
__Htext31                              text31       000000
__Htext4                               text4        000000
__Htext5                               text5        000000
__Htext6                               text6        000000
__Htext7                               text7        000000
__Htext8                               text8        000000
__Htext9                               text9        000000
__LRAM                                 (abs)        000001
__L__absolute__                        __absolute__ 000000
__Labs1                                abs1         000000
__Lbank0                               bank0        000000
__Lbank1                               bank1        000000
__Lbank10                              bank10       000000
__Lbank11                              bank11       000000
__Lbank12                              bank12       000000
__Lbank13                              bank13       000000
__Lbank14                              bank14       000000
__Lbank15                              bank15       000000
__Lbank2                               bank2        000000
__Lbank3                               bank3        000000
__Lbank4                               bank4        000000
__Lbank5                               bank5        000000
__Lbank6                               bank6        000000
__Lbank7                               bank7        000000
__Lbank8                               bank8        000000
__Lbank9                               bank9        000000
__Lbigbss                              bigbss       000000
__Lbigdata                             bigdata      000000
__Lbigram                              bigram       000000
__Lbigsfr                              bigsfr       000000
__Lbss                                 bss          000000
__LbssCOMRAM                           bssCOMRAM    000000
__Lcinit                               cinit        000000
__Lclrtext                             clrtext      000000
__Lcomram                              comram       000000
__Lconfig                              config       000000
__Lconst                               const        000000
__LcstackCOMRAM                        cstackCOMRAM 000000
__Ldata                                data         000000
__LdataCOMRAM                          dataCOMRAM   000000
__Leeprom_data                         eeprom_data  000000
__Lfarbss                              farbss       000000
__Lfardata                             fardata      000000
__Lheap                                heap         000000
__Libigdata                            ibigdata     000000
__Lidata                               idata        000000
__LidataCOMRAM                         idataCOMRAM  000000
__Lidloc                               idloc        000000
__Lifardata                            ifardata     000000
__Linit                                init         000000
__Lintcode                             intcode      000000
__Lintcode_body                        intcode_body 000000
__Lintcodelo                           intcodelo    000000
__Lintentry                            intentry     000000
__Lintret                              intret       000000
__Lintsave_regs                        intsave_regs 000000
__Lirdata                              irdata       000000
__Lmediumconst                         mediumconst  000000
__LnvCOMRAM                            nvCOMRAM     000000
__LnvFARRAM                            nvFARRAM     000000
__Lnvbit                               nvbit        000000
__Lnvrram                              nvrram       000000
__Lparam                               rparam       000000
__Lpowerup                             powerup      000000
__Lram                                 ram          000000
__Lramtop                              ramtop       001000
__Lrbit                                rbit         000000
__Lrbss                                rbss         000000
__Lrdata                               rdata        000000
__Lreset_vec                           reset_vec    000000
__Lrparam                              rparam       000000
__Lsfr                                 sfr          000000
__Lsmallconst                          smallconst   001000
__Lspace_0                             (abs)        000000
__Lspace_1                             (abs)        000000
__Lspace_2                             (abs)        000000
__Lspace_4                             (abs)        000000
__Lstack                               stack        000000
__Lstruct                              struct       000000
__Ltemp                                temp         000000
__Ltext                                text         000000
__Ltext0                               text0        000000
__Ltext1                               text1        000000
__Ltext10                              text10       000000
__Ltext11                              text11       000000
__Ltext12                              text12       000000
__Ltext13                              text13       000000
__Ltext14                              text14       000000
__Ltext15                              text15       000000
__Ltext16                              text16       000000
__Ltext17                              text17       000000
__Ltext18                              text18       000000
__Ltext19                              text19       000000
__Ltext2                               text2        000000
__Ltext20                              text20       000000
__Ltext21                              text21       000000
__Ltext22                              text22       000000
__Ltext23                              text23       000000
__Ltext24                              text24       000000
__Ltext25                              text25       000000
__Ltext26                              text26       000000
__Ltext27                              text27       000000
__Ltext28                              text28       000000
__Ltext29                              text29       000000
__Ltext3                               text3        000000
__Ltext30                              text30       000000
__Ltext31                              text31       000000
__Ltext4                               text4        000000
__Ltext5                               text5        000000
__Ltext6                               text6        000000
__Ltext7                               text7        000000
__Ltext8                               text8        000000
__Ltext9                               text9        000000
__S0                                   (abs)        00265A
__S1                                   (abs)        000079
__S4                                   (abs)        000000
__S5                                   (abs)        000000
___heap_hi                             (abs)        000000
___heap_lo                             (abs)        000000
___inthi_sp                            stack        000000
___intlo_sp                            stack        000000
___param_bank                          (abs)        000000
___rparam_used                         (abs)        000001
___sp                                  stack        000000
___wmul                                text19       00262E
___wmul@multiplicand                   cstackCOMRAM 000034
___wmul@multiplier                     cstackCOMRAM 000032
___wmul@product                        cstackCOMRAM 000036
__accesstop                            (abs)        000080
__activetblptr                         (abs)        000002
__end_of___wmul                        text19       002654
__end_of__initialization               cinit        002590
__end_of_application_initialize        text20       00265A
__end_of_atoi                          text16       0017A4
__end_of_btn_values                    smallconst   00100D
__end_of_dc_motor_initialize           text28       002564
__end_of_dc_motor_move_left            text15       0024A2
__end_of_dc_motor_move_right           text14       00245C
__end_of_dc_motor_stop                 text13       002416
__end_of_ecu_initialize                text21       002526
__end_of_gpio_pin_direction_initialize text31       0018E8
__end_of_gpio_pin_initialize           text29       0022E2
__end_of_gpio_pin_read_logic           text12       001EA4
__end_of_gpio_pin_write_logic          text30       001B46
__end_of_isdigit                       text18       00262E
__end_of_isspace                       text17       0024E8
__end_of_keypad_get_value              text11       001C54
__end_of_keypad_initialize             text27       0020A4
__end_of_lcd_4bit_initialize           text23       001A1A
__end_of_lcd_4bit_send_char            text8        00211A
__end_of_lcd_4bit_send_char_pos        text6        0023D0
__end_of_lcd_4bit_send_command         text24       002190
__end_of_lcd_4bit_send_enable          text26       00238A
__end_of_lcd_4bit_send_string          text5        002276
__end_of_lcd_4bit_send_string_pos      text4        00233C
__end_of_lcd_4bit_set_cursor           text7        001DEC
__end_of_lcd_send_4bit                 text25       002206
__end_of_led_initialize                text22       00202C
__end_of_led_turn_off                  text10       001FAC
__end_of_led_turn_on                   text9        001F28
__end_of_loading                       text3        001D2A
__end_of_main                          text0        0014EA
__end_of_memset                        text2        001660
__end_of_strlen                        text1        0025D0
__initialization                       cinit        002564
__mediumconst                          mediumconst  000000
__pbssCOMRAM                           bssCOMRAM    00005E
__pcinit                               cinit        002564
__pcstackCOMRAM                        cstackCOMRAM 000032
__pdataCOMRAM                          dataCOMRAM   000001
__pidataCOMRAM                         idataCOMRAM  0025D0
__pnvCOMRAM                            nvCOMRAM     000078
__psmallconst                          smallconst   001000
__ptext0                               text0        00107A
__ptext1                               text1        00259A
__ptext10                              text10       001F28
__ptext11                              text11       001B46
__ptext12                              text12       001DEC
__ptext13                              text13       0023D0
__ptext14                              text14       002416
__ptext15                              text15       00245C
__ptext16                              text16       001660
__ptext17                              text17       0024A2
__ptext18                              text18       002602
__ptext19                              text19       00262E
__ptext2                               text2        0014EA
__ptext20                              text20       002654
__ptext21                              text21       0024E8
__ptext22                              text22       001FAC
__ptext23                              text23       0018E8
__ptext24                              text24       00211A
__ptext25                              text25       002190
__ptext26                              text26       00233C
__ptext27                              text27       00202C
__ptext28                              text28       002526
__ptext29                              text29       002276
__ptext3                               text3        001C54
__ptext30                              text30       001A1A
__ptext31                              text31       0017A4
__ptext4                               text4        0022E2
__ptext5                               text5        002206
__ptext6                               text6        00238A
__ptext7                               text7        001D2A
__ptext8                               text8        0020A4
__ptext9                               text9        001EA4
__ramtop                               ramtop       001000
__smallconst                           smallconst   001000
_application_initialize                text20       002654
_atoi                                  text16       001660
_btn_values                            smallconst   001001
_dc_motor_initialize                   text28       002526
_dc_motor_move_left                    text15       00245C
_dc_motor_move_right                   text14       002416
_dc_motor_stop                         text13       0023D0
_ecu_initialize                        text21       0024E8
_entered_password                      bssCOMRAM    00005E
_entered_password_arr                  bssCOMRAM    00006C
_gpio_pin_direction_initialize         text31       0017A4
_gpio_pin_initialize                   text29       002276
_gpio_pin_read_logic                   text12       001DEC
_gpio_pin_write_logic                  text30       001A1A
_i                                     bssCOMRAM    000063
_isdigit                               text18       002602
_isspace                               text17       0024A2
_isspace$1384                          cstackCOMRAM 000036
_k                                     bssCOMRAM    000060
_keypad_get_value                      text11       001B46
_keypad_initialize                     text27       00202C
_kp1                                   dataCOMRAM   000021
_l                                     bssCOMRAM    000061
_lat_registers                         dataCOMRAM   000001
_lcd_1                                 dataCOMRAM   000028
_lcd_4bit_initialize                   text23       0018E8
_lcd_4bit_send_char                    text8        0020A4
_lcd_4bit_send_char_pos                text6        00238A
_lcd_4bit_send_command                 text24       00211A
_lcd_4bit_send_enable                  text26       00233C
_lcd_4bit_send_string                  text5        002206
_lcd_4bit_send_string_pos              text4        0022E2
_lcd_4bit_set_cursor                   text7        001D2A
_lcd_send_4bit                         text25       002190
_led_1                                 dataCOMRAM   000031
_led_2                                 dataCOMRAM   000030
_led_initialize                        text22       001FAC
_led_turn_off                          text10       001F28
_led_turn_on                           text9        001EA4
_loading                               text3        001C54
_main                                  text0        00107A
_memset                                text2        0014EA
_motor_1                               dataCOMRAM   00002E
_number_of_digits                      bssCOMRAM    000062
_password                              dataCOMRAM   00001F
_port_registers                        dataCOMRAM   00000B
_ret                                   nvCOMRAM     000078
_strlen                                text1        00259A
_tris_registers                        dataCOMRAM   000015
_value                                 bssCOMRAM    000077
atoi@n                                 cstackCOMRAM 00003F
atoi@neg                               cstackCOMRAM 00003D
atoi@s                                 cstackCOMRAM 000038
dc_motor_initialize@dc_motor           cstackCOMRAM 000040
dc_motor_initialize@ret                cstackCOMRAM 000042
dc_motor_move_left@dc_motor            cstackCOMRAM 00003C
dc_motor_move_left@ret                 cstackCOMRAM 00003E
dc_motor_move_right@dc_motor           cstackCOMRAM 00003C
dc_motor_move_right@ret                cstackCOMRAM 00003E
dc_motor_stop@dc_motor                 cstackCOMRAM 00003C
dc_motor_stop@ret                      cstackCOMRAM 00003E
end_of_initialization                  cinit        002590
gpio_pin_direction_initialize@pin      cstackCOMRAM 000032
gpio_pin_direction_initialize@ret      cstackCOMRAM 00003A
gpio_pin_initialize@pin                cstackCOMRAM 00003C
gpio_pin_initialize@ret                cstackCOMRAM 00003F
gpio_pin_read_logic@log                cstackCOMRAM 000034
gpio_pin_read_logic@pin                cstackCOMRAM 000032
gpio_pin_read_logic@ret                cstackCOMRAM 00003B
gpio_pin_write_logic@log               cstackCOMRAM 000034
gpio_pin_write_logic@pin               cstackCOMRAM 000032
gpio_pin_write_logic@ret               cstackCOMRAM 00003B
intlevel0                              text         000000
intlevel1                              text         000000
intlevel2                              text         000000
intlevel3                              text         000000
isa$std                                (abs)        000001
isa$xinst                              (abs)        000000
isdigit@c                              cstackCOMRAM 000032
isspace@c                              cstackCOMRAM 000032
keypad_get_value@coulmn_counter        cstackCOMRAM 000046
keypad_get_value@counter               cstackCOMRAM 000044
keypad_get_value@keypad                cstackCOMRAM 00003C
keypad_get_value@log                   cstackCOMRAM 000043
keypad_get_value@ret                   cstackCOMRAM 000042
keypad_get_value@row_counter           cstackCOMRAM 000045
keypad_get_value@value                 cstackCOMRAM 00003E
keypad_initialize@i                    cstackCOMRAM 000045
keypad_initialize@i_479                cstackCOMRAM 000046
keypad_initialize@keypad               cstackCOMRAM 000040
keypad_initialize@ret                  cstackCOMRAM 000044
lcd_4bit_initialize@i                  cstackCOMRAM 00004B
lcd_4bit_initialize@lcd_obj            cstackCOMRAM 000048
lcd_4bit_initialize@ret                cstackCOMRAM 00004D
lcd_4bit_send_char@chr                 cstackCOMRAM 000046
lcd_4bit_send_char@lcd_obj             cstackCOMRAM 000044
lcd_4bit_send_char@ret                 cstackCOMRAM 000047
lcd_4bit_send_char_pos@chr             cstackCOMRAM 000053
lcd_4bit_send_char_pos@column          cstackCOMRAM 000052
lcd_4bit_send_char_pos@lcd_obj         cstackCOMRAM 00004F
lcd_4bit_send_char_pos@ret             cstackCOMRAM 000054
lcd_4bit_send_char_pos@row             cstackCOMRAM 000051
lcd_4bit_send_command@command          cstackCOMRAM 000046
lcd_4bit_send_command@lcd_obj          cstackCOMRAM 000044
lcd_4bit_send_command@ret              cstackCOMRAM 000047
lcd_4bit_send_enable@lcd_obj           cstackCOMRAM 00003C
lcd_4bit_send_enable@ret               cstackCOMRAM 00003E
lcd_4bit_send_string@lcd_obj           cstackCOMRAM 000048
lcd_4bit_send_string@ret               cstackCOMRAM 00004C
lcd_4bit_send_string@string            cstackCOMRAM 00004A
lcd_4bit_send_string_pos@column        cstackCOMRAM 000052
lcd_4bit_send_string_pos@lcd_obj       cstackCOMRAM 00004F
lcd_4bit_send_string_pos@ret           cstackCOMRAM 000055
lcd_4bit_send_string_pos@row           cstackCOMRAM 000051
lcd_4bit_send_string_pos@string        cstackCOMRAM 000053
lcd_4bit_set_cursor@column             cstackCOMRAM 00004B
lcd_4bit_set_cursor@lcd_obj            cstackCOMRAM 000048
lcd_4bit_set_cursor@ret                cstackCOMRAM 00004E
lcd_4bit_set_cursor@row                cstackCOMRAM 00004A
lcd_send_4bit@data_command             cstackCOMRAM 00003E
lcd_send_4bit@i                        cstackCOMRAM 000042
lcd_send_4bit@lcd_obj                  cstackCOMRAM 00003C
lcd_send_4bit@ret                      cstackCOMRAM 000041
led_initialize@F3050                   bssCOMRAM    000067
led_initialize@led                     cstackCOMRAM 000040
led_initialize@pin_obj                 cstackCOMRAM 000044
led_initialize@ret                     cstackCOMRAM 000043
led_toggle@F3065                       bssCOMRAM    000064
led_turn_off@F3060                     bssCOMRAM    000065
led_turn_off@led                       cstackCOMRAM 00003C
led_turn_off@pin_obj                   cstackCOMRAM 000040
led_turn_off@ret                       cstackCOMRAM 00003F
led_turn_on@F3055                      bssCOMRAM    000066
led_turn_on@led                        cstackCOMRAM 00003C
led_turn_on@pin_obj                    cstackCOMRAM 000040
led_turn_on@ret                        cstackCOMRAM 00003F
loading@i                              cstackCOMRAM 00005A
loading@j                              cstackCOMRAM 000058
memset@c                               cstackCOMRAM 000034
memset@dest                            cstackCOMRAM 000032
memset@k                               cstackCOMRAM 00003A
memset@n                               cstackCOMRAM 000036
memset@s                               cstackCOMRAM 00003C
relay_initialize@F3046                 bssCOMRAM    00006B
relay_toggle@F3061                     bssCOMRAM    000068
relay_turn_off@F3056                   bssCOMRAM    000069
relay_turn_on@F3051                    bssCOMRAM    00006A
stackhi                                (abs)        000000
stacklo                                (abs)        000000
start                                  init         000000
start_initialization                   cinit        002564
strlen@a                               cstackCOMRAM 000034
strlen@s                               cstackCOMRAM 000032


MODULE INFORMATION

Module		Function		Class		Link	Load	Size
ECU_layer/key_pad/ecu_key_pad.c
		_keypad_get_value		CODE           	1B46	0000	270
		_keypad_initialize		CODE           	202C	0000	120

ECU_layer/key_pad/ecu_key_pad.c estimated size: 390

MCAL_layer/GPIO/hal_gpio.c
		_gpio_pin_write_logic		CODE           	1A1A	0000	300
		_gpio_pin_read_logic		CODE           	1DEC	0000	184
		_gpio_pin_direction_initialize		CODE           	17A4	0000	324
		_gpio_pin_initialize		CODE           	2276	0000	108

MCAL_layer/GPIO/hal_gpio.c estimated size: 916

C:\Program Files\Microchip\xc8\v2.41\pic\sources\c99\common\strlen.c
		_strlen        		CODE           	259A	0000	54

C:\Program Files\Microchip\xc8\v2.41\pic\sources\c99\common\strlen.c estimated size: 54

C:\Program Files\Microchip\xc8\v2.41\pic\sources\c99\common\memset.c
		_memset        		CODE           	14EA	0000	374

C:\Program Files\Microchip\xc8\v2.41\pic\sources\c99\common\memset.c estimated size: 374

C:\Program Files\Microchip\xc8\v2.41\pic\sources\c99\common\isdigit.c
		_isdigit       		CODE           	2602	0000	44

C:\Program Files\Microchip\xc8\v2.41\pic\sources\c99\common\isdigit.c estimated size: 44

ECU_layer/Char_lCD/ecu_chr_lcd.c
		_lcd_send_4bit 		CODE           	2190	0000	118
		_lcd_4bit_send_command		CODE           	211A	0000	118
		_lcd_4bit_send_string_pos		CODE           	22E2	0000	90
		_lcd_4bit_send_char		CODE           	20A4	0000	118
		_lcd_4bit_send_enable		CODE           	233C	0000	78
		_lcd_4bit_set_cursor		CODE           	1D2A	0000	194
		_lcd_4bit_send_char_pos		CODE           	238A	0000	70
		_lcd_4bit_initialize		CODE           	18E8	0000	306
		_lcd_4bit_send_string		CODE           	2206	0000	112

ECU_layer/Char_lCD/ecu_chr_lcd.c estimated size: 1204

ECU_layer/ecu_initialize.c
		_ecu_initialize		CODE           	24E8	0000	62

ECU_layer/ecu_initialize.c estimated size: 62

C:\Program Files\Microchip\xc8\v2.41\pic\sources\c99\common\atoi.c
		_atoi          		CODE           	1660	0000	324

C:\Program Files\Microchip\xc8\v2.41\pic\sources\c99\common\atoi.c estimated size: 324

shared
		_btn_values    		SMALLCONST     	1001	0000	12
		__initialization		CODE           	2564	0000	44

shared estimated size: 56

ECU_layer/LED/ecu_led.c
		_led_initialize		CODE           	1FAC	0000	128
		_led_turn_on   		CODE           	1EA4	0000	132
		_led_turn_off  		CODE           	1F28	0000	132

ECU_layer/LED/ecu_led.c estimated size: 392

C:\Program Files\Microchip\xc8\v2.41\pic\sources\c99\common\Umul16.c
		___wmul        		CODE           	262E	0000	38

C:\Program Files\Microchip\xc8\v2.41\pic\sources\c99\common\Umul16.c estimated size: 38

C:\Program Files\Microchip\xc8\v2.41\pic\sources\c99\common\isspace.c
		_isspace       		CODE           	24A2	0000	70

C:\Program Files\Microchip\xc8\v2.41\pic\sources\c99\common\isspace.c estimated size: 70

ECU_layer/DC_Motor/ecu_Dc_motor.c
		_dc_motor_stop 		CODE           	23D0	0000	70
		_dc_motor_initialize		CODE           	2526	0000	62
		_dc_motor_move_right		CODE           	2416	0000	70
		_dc_motor_move_left		CODE           	245C	0000	70

ECU_layer/DC_Motor/ecu_Dc_motor.c estimated size: 272

application.c
		_loading       		CODE           	1C54	0000	214
		_application_initialize		CODE           	2654	0000	6
		_main          		CODE           	107A	0000	1136

application.c estimated size: 1356

